Reusing configuration cache.
> Task :app:preBuild UP-TO-DATE
> Task :app:generateDebugAssets UP-TO-DATE
> Task :app:preDebugBuild UP-TO-DATE
> Task :app:generateDebugBuildConfig UP-TO-DATE
> Task :app:processDebugGoogleServices UP-TO-DATE
> Task :app:generateDebugResources UP-TO-DATE
> Task :app:packageDebugResources UP-TO-DATE
> Task :app:javaPreCompileDebug UP-TO-DATE
> Task :app:mapDebugSourceSetPaths UP-TO-DATE
> Task :app:mergeDebugResources UP-TO-DATE
> Task :app:checkDebugAarMetadata UP-TO-DATE
> Task :app:extractDeepLinksDebug UP-TO-DATE
> Task :app:createDebugCompatibleScreenManifests UP-TO-DATE
> Task :app:preDebugUnitTestBuild UP-TO-DATE
> Task :app:javaPreCompileDebugUnitTest UP-TO-DATE
> Task :app:processDebugMainManifest UP-TO-DATE
> Task :app:mergeDebugAssets UP-TO-DATE
> Task :app:processDebugManifest UP-TO-DATE
> Task :app:processDebugManifestForPackage UP-TO-DATE
> Task :app:processDebugNavigationResources UP-TO-DATE
> Task :app:parseDebugLocalResources UP-TO-DATE
> Task :app:generateDebugRFile UP-TO-DATE
> Task :app:compileDebugNavigationResources UP-TO-DATE
> Task :app:processDebugResources UP-TO-DATE
> Task :app:processDebugUnitTestManifest
> Task :app:packageDebugUnitTestForUnitTest
> Task :app:generateDebugUnitTestConfig
> Task :app:kspDebugKotlin
> Task :app:compileDebugKotlin
w: file:///app/applet/app/src/main/java/com/example/data/db/NetraDatabase.kt:62:19 'fun fallbackToDestructiveMigration(): RoomDatabase.Builder<NetraDatabase>' is deprecated. Replace by overloaded version with parameter to indicate if all tables should be dropped or not.
w: file:///app/applet/app/src/main/java/com/example/data/engine/ActivityTargetEngine.kt:74:70 Condition is always 'true'.
w: file:///app/applet/app/src/main/java/com/example/data/engine/ActivityTargetEngine.kt:78:52 Condition is always 'true'.
w: file:///app/applet/app/src/main/java/com/example/data/engine/EventDrivenRuntimeEngine.kt:152:13 'when' is exhaustive so 'else' is redundant here.
w: file:///app/applet/app/src/main/java/com/example/data/engine/SecurityEngine.kt:211:42 'fun canAuthenticate(): Int' is deprecated. Deprecated in Java.
w: file:///app/applet/app/src/main/java/com/example/data/engine/SecurityEngine.kt:223:133 'class FingerprintManager : Any' is deprecated. Deprecated in Java.
w: file:///app/applet/app/src/main/java/com/example/data/engine/SecurityEngine.kt:225:66 'val isHardwareDetected: Boolean' is deprecated. Deprecated in Java.
w: file:///app/applet/app/src/main/java/com/example/data/engine/SecurityEngine.kt:226:52 'fun hasEnrolledFingerprints(): Boolean' is deprecated. Deprecated in Java.
w: file:///app/applet/app/src/main/java/com/example/data/engine/SecurityEngine.kt:292:34 'static fun getDefaultAdapter(): BluetoothAdapter!' is deprecated. Deprecated in Java.
w: file:///app/applet/app/src/main/java/com/example/data/engine/WatchdogEngine.kt:381:66 'val activeNetworkInfo: NetworkInfo?' is deprecated. Deprecated in Java.
w: file:///app/applet/app/src/main/java/com/example/data/engine/WatchdogEngine.kt:382:82 'val isConnected: Boolean' is deprecated. Deprecated in Java.
w: file:///app/applet/app/src/main/java/com/example/data/engine/WatchdogEngine.kt:386:74 'static fun getDefaultAdapter(): BluetoothAdapter!' is deprecated. Deprecated in Java.
w: file:///app/applet/app/src/main/java/com/example/data/sensor/SensorDiagnosticsEngine.kt:49:99 'static field TYPE_TEMPERATURE: Int' is deprecated. Deprecated in Java.
w: file:///app/applet/app/src/main/java/com/example/ui/MainViewModel.kt:729:33 This declaration is in a preview state and can be changed in a backwards-incompatible manner with a best-effort migration. Its usage should be marked with '@kotlinx.coroutines.FlowPreview' or '@OptIn(kotlinx.coroutines.FlowPreview::class)' if you accept the drawback of relying on preview API
w: file:///app/applet/app/src/main/java/com/example/ui/MainViewModel.kt:923:33 This declaration is in a preview state and can be changed in a backwards-incompatible manner with a best-effort migration. Its usage should be marked with '@kotlinx.coroutines.FlowPreview' or '@OptIn(kotlinx.coroutines.FlowPreview::class)' if you accept the drawback of relying on preview API
w: file:///app/applet/app/src/main/java/com/example/ui/MainViewModel.kt:1304:25 This declaration is in a preview state and can be changed in a backwards-incompatible manner with a best-effort migration. Its usage should be marked with '@kotlinx.coroutines.FlowPreview' or '@OptIn(kotlinx.coroutines.FlowPreview::class)' if you accept the drawback of relying on preview API
w: file:///app/applet/app/src/main/java/com/example/ui/components/PermissionHandler.kt:187:53 'val outlinedButtonBorder: BorderStroke' is deprecated. Please use the version that takes an `enabled` param to get the `BorderStroke` with the correct opacity.
w: file:///app/applet/app/src/main/java/com/example/ui/screens/AiFusionHealthCenterScreen.kt:36:52 'val Icons.Filled.DirectionsWalk: ImageVector' is deprecated. Use the AutoMirrored version at Icons.AutoMirrored.Filled.DirectionsWalk.
w: file:///app/applet/app/src/main/java/com/example/ui/screens/AiFusionHealthCenterScreen.kt:451:17 'fun Divider(modifier: Modifier = ..., thickness: Dp = ..., color: Color = ...): Unit' is deprecated. Renamed to HorizontalDivider.
w: file:///app/applet/app/src/main/java/com/example/ui/screens/AiFusionHealthCenterScreen.kt:535:36 'val Icons.Filled.DirectionsWalk: ImageVector' is deprecated. Use the AutoMirrored version at Icons.AutoMirrored.Filled.DirectionsWalk.
w: file:///app/applet/app/src/main/java/com/example/ui/screens/AiFusionHealthCenterScreen.kt:628:52 'val Icons.Filled.DirectionsWalk: ImageVector' is deprecated. Use the AutoMirrored version at Icons.AutoMirrored.Filled.DirectionsWalk.
w: file:///app/applet/app/src/main/java/com/example/ui/screens/AiFusionHealthCenterScreen.kt:754:17 'fun Divider(modifier: Modifier = ..., thickness: Dp = ..., color: Color = ...): Unit' is deprecated. Renamed to HorizontalDivider.
w: file:///app/applet/app/src/main/java/com/example/ui/screens/DigitalWellnessSection.kt:456:38 'val Icons.Filled.Chat: ImageVector' is deprecated. Use the AutoMirrored version at Icons.AutoMirrored.Filled.Chat.
w: file:///app/applet/app/src/main/java/com/example/ui/screens/DigitalWellnessSection.kt:860:68 'val Icons.Filled.DirectionsWalk: ImageVector' is deprecated. Use the AutoMirrored version at Icons.AutoMirrored.Filled.DirectionsWalk.
w: file:///app/applet/app/src/main/java/com/example/ui/screens/DigitalWellnessSection.kt:1342:53 'val Icons.Filled.ListAlt: ImageVector' is deprecated. Use the AutoMirrored version at Icons.AutoMirrored.Filled.ListAlt.
w: file:///app/applet/app/src/main/java/com/example/ui/screens/HistoryLogsContainerScreen.kt:26:46 'val Icons.Filled.ListAlt: ImageVector' is deprecated. Use the AutoMirrored version at Icons.AutoMirrored.Filled.ListAlt.
w: file:///app/applet/app/src/main/java/com/example/ui/screens/HistoryLogsContainerScreen.kt:79:9 'fun Divider(modifier: Modifier = ..., thickness: Dp = ..., color: Color = ...): Unit' is deprecated. Renamed to HorizontalDivider.
w: file:///app/applet/app/src/main/java/com/example/ui/screens/MotionIntelligenceScreen.kt:582:30 'val Icons.Filled.DirectionsWalk: ImageVector' is deprecated. Use the AutoMirrored version at Icons.AutoMirrored.Filled.DirectionsWalk.
w: file:///app/applet/app/src/main/java/com/example/ui/screens/MotionIntelligenceScreen.kt:680:30 'val Icons.Filled.DirectionsRun: ImageVector' is deprecated. Use the AutoMirrored version at Icons.AutoMirrored.Filled.DirectionsRun.
w: file:///app/applet/app/src/main/java/com/example/ui/screens/ReportsScreen.kt:308:44 'val Icons.Filled.EventNote: ImageVector' is deprecated. Use the AutoMirrored version at Icons.AutoMirrored.Filled.EventNote.
w: file:///app/applet/app/src/main/java/com/example/ui/screens/SafetyCenterScreen.kt:430:13 'fun Divider(modifier: Modifier = ..., thickness: Dp = ..., color: Color = ...): Unit' is deprecated. Renamed to HorizontalDivider.
w: file:///app/applet/app/src/main/java/com/example/ui/screens/SecurityHubScreen.kt:294:53 'val Icons.Filled.Launch: ImageVector' is deprecated. Use the AutoMirrored version at Icons.AutoMirrored.Filled.Launch.
w: file:///app/applet/app/src/main/java/com/example/ui/screens/SecurityHubScreen.kt:553:29 'fun Divider(modifier: Modifier = ..., thickness: Dp = ..., color: Color = ...): Unit' is deprecated. Renamed to HorizontalDivider.
w: file:///app/applet/app/src/main/java/com/example/ui/screens/SecurityHubScreen.kt:674:21 'fun Divider(modifier: Modifier = ..., thickness: Dp = ..., color: Color = ...): Unit' is deprecated. Renamed to HorizontalDivider.
w: file:///app/applet/app/src/main/java/com/example/ui/screens/SecurityHubScreen.kt:1022:37 'fun Divider(modifier: Modifier = ..., thickness: Dp = ..., color: Color = ...): Unit' is deprecated. Renamed to HorizontalDivider.
w: file:///app/applet/app/src/main/java/com/example/ui/screens/SecurityHubScreen.kt:1062:39 'val Icons.Filled.HelpOutline: ImageVector' is deprecated. Use the AutoMirrored version at Icons.AutoMirrored.Filled.HelpOutline.
w: file:///app/applet/app/src/main/java/com/example/ui/screens/SecurityHubScreen.kt:1114:5 'fun Divider(modifier: Modifier = ..., thickness: Dp = ..., color: Color = ...): Unit' is deprecated. Renamed to HorizontalDivider.
w: file:///app/applet/app/src/main/java/com/example/ui/screens/SensorCenterContainerScreen.kt:36:60 'val Icons.Filled.DirectionsWalk: ImageVector' is deprecated. Use the AutoMirrored version at Icons.AutoMirrored.Filled.DirectionsWalk.
w: file:///app/applet/app/src/main/java/com/example/ui/screens/SensorCenterContainerScreen.kt:97:9 'fun Divider(modifier: Modifier = ..., thickness: Dp = ..., color: Color = ...): Unit' is deprecated. Renamed to HorizontalDivider.
w: file:///app/applet/app/src/main/java/com/example/ui/screens/SensorDashboardScreen.kt:257:21 'fun Divider(modifier: Modifier = ..., thickness: Dp = ..., color: Color = ...): Unit' is deprecated. Renamed to HorizontalDivider.
w: file:///app/applet/app/src/main/java/com/example/ui/screens/ServiceManagerContainerScreen.kt:73:9 'fun Divider(modifier: Modifier = ..., thickness: Dp = ..., color: Color = ...): Unit' is deprecated. Renamed to HorizontalDivider.
w: file:///app/applet/app/src/main/java/com/example/ui/screens/SettingsScreen.kt:330:85 'val Icons.Filled.Backspace: ImageVector' is deprecated. Use the AutoMirrored version at Icons.AutoMirrored.Filled.Backspace.
w: file:///app/applet/app/src/main/java/com/example/ui/screens/SettingsScreen.kt:1281:48 'val Icons.Filled.FactCheck: ImageVector' is deprecated. Use the AutoMirrored version at Icons.AutoMirrored.Filled.FactCheck.
w: file:///app/applet/app/src/main/java/com/example/ui/screens/SettingsScreen.kt:1697:54 'val Icons.Filled.VolumeUp: ImageVector' is deprecated. Use the AutoMirrored version at Icons.AutoMirrored.Filled.VolumeUp.
w: file:///app/applet/app/src/main/java/com/example/ui/screens/SettingsScreen.kt:1697:82 'val Icons.Filled.VolumeOff: ImageVector' is deprecated. Use the AutoMirrored version at Icons.AutoMirrored.Filled.VolumeOff.
w: file:///app/applet/app/src/main/java/com/example/ui/screens/SystemAuditScreen.kt:96:57 'val Icons.Filled.ArrowBack: ImageVector' is deprecated. Use the AutoMirrored version at Icons.AutoMirrored.Filled.ArrowBack.
w: file:///app/applet/app/src/main/java/com/example/ui/screens/SystemAuditScreen.kt:496:65 'val Icons.Filled.FactCheck: ImageVector' is deprecated. Use the AutoMirrored version at Icons.AutoMirrored.Filled.FactCheck.
e: Daemon compilation failed: null
java.lang.Exception
	at org.jetbrains.kotlin.daemon.common.CompileService$CallResult$Error.get(CompileService.kt:69)
	at org.jetbrains.kotlin.daemon.common.CompileService$CallResult$Error.get(CompileService.kt:65)
	at org.jetbrains.kotlin.compilerRunner.GradleKotlinCompilerWork.compileWithDaemon(GradleKotlinCompilerWork.kt:240)
	at org.jetbrains.kotlin.compilerRunner.GradleKotlinCompilerWork.compileWithDaemonOrFallbackImpl(GradleKotlinCompilerWork.kt:159)
	at org.jetbrains.kotlin.compilerRunner.GradleKotlinCompilerWork.run(GradleKotlinCompilerWork.kt:111)
	at org.jetbrains.kotlin.compilerRunner.GradleCompilerRunnerWithWorkers$GradleKotlinCompilerWorkAction.execute(GradleCompilerRunnerWithWorkers.kt:74)
	at org.gradle.workers.internal.DefaultWorkerServer.execute(DefaultWorkerServer.java:68)
	at org.gradle.workers.internal.NoIsolationWorkerFactory$1$1.create(NoIsolationWorkerFactory.java:64)
	at org.gradle.workers.internal.NoIsolationWorkerFactory$1$1.create(NoIsolationWorkerFactory.java:61)
	at org.gradle.internal.classloader.ClassLoaderUtils.executeInClassloader(ClassLoaderUtils.java:102)
	at org.gradle.workers.internal.NoIsolationWorkerFactory$1.lambda$execute$0(NoIsolationWorkerFactory.java:61)
	at org.gradle.workers.internal.AbstractWorker$1.call(AbstractWorker.java:44)
	at org.gradle.workers.internal.AbstractWorker$1.call(AbstractWorker.java:41)
	at org.gradle.internal.operations.DefaultBuildOperationRunner$CallableBuildOperationWorker.execute(DefaultBuildOperationRunner.java:209)
	at org.gradle.internal.operations.DefaultBuildOperationRunner$CallableBuildOperationWorker.execute(DefaultBuildOperationRunner.java:204)
	at org.gradle.internal.operations.DefaultBuildOperationRunner$2.execute(DefaultBuildOperationRunner.java:66)
	at org.gradle.internal.operations.DefaultBuildOperationRunner$2.execute(DefaultBuildOperationRunner.java:59)
	at org.gradle.internal.operations.DefaultBuildOperationRunner.execute(DefaultBuildOperationRunner.java:166)
	at org.gradle.internal.operations.DefaultBuildOperationRunner.execute(DefaultBuildOperationRunner.java:59)
	at org.gradle.internal.operations.DefaultBuildOperationRunner.call(DefaultBuildOperationRunner.java:53)
	at org.gradle.workers.internal.AbstractWorker.executeWrappedInBuildOperation(AbstractWorker.java:41)
	at org.gradle.workers.internal.NoIsolationWorkerFactory$1.execute(NoIsolationWorkerFactory.java:58)
	at org.gradle.workers.internal.DefaultWorkerExecutor.lambda$submitWork$0(DefaultWorkerExecutor.java:176)
	at java.base/java.util.concurrent.FutureTask.run(FutureTask.java:317)
	at org.gradle.internal.work.DefaultConditionalExecutionQueue$ExecutionRunner.runExecution(DefaultConditionalExecutionQueue.java:194)
	at org.gradle.internal.work.DefaultConditionalExecutionQueue$ExecutionRunner.access$700(DefaultConditionalExecutionQueue.java:127)
	at org.gradle.internal.work.DefaultConditionalExecutionQueue$ExecutionRunner$1.run(DefaultConditionalExecutionQueue.java:169)
	at org.gradle.internal.Factories$1.create(Factories.java:30)
	at org.gradle.internal.work.DefaultWorkerLeaseService.lambda$withLocksAcquired$0(DefaultWorkerLeaseService.java:269)
	at org.gradle.internal.work.ResourceLockStatistics$1.measure(ResourceLockStatistics.java:42)
	at org.gradle.internal.work.DefaultWorkerLeaseService.withLocksAcquired(DefaultWorkerLeaseService.java:267)
	at org.gradle.internal.work.DefaultWorkerLeaseService.withLocks(DefaultWorkerLeaseService.java:259)
	at org.gradle.internal.work.DefaultWorkerLeaseService.runAsWorkerThread(DefaultWorkerLeaseService.java:127)
	at org.gradle.internal.work.DefaultWorkerLeaseService.runAsWorkerThread(DefaultWorkerLeaseService.java:132)
	at org.gradle.internal.work.DefaultConditionalExecutionQueue$ExecutionRunner.runBatch(DefaultConditionalExecutionQueue.java:164)
	at org.gradle.internal.work.DefaultConditionalExecutionQueue$ExecutionRunner.run(DefaultConditionalExecutionQueue.java:133)
	at java.base/java.util.concurrent.Executors$RunnableAdapter.call(Executors.java:572)
	at java.base/java.util.concurrent.FutureTask.run(FutureTask.java:317)
	at org.gradle.internal.concurrent.ExecutorPolicy$CatchAndRecordFailures.onExecute(ExecutorPolicy.java:64)
	at org.gradle.internal.concurrent.AbstractManagedExecutor$1.run(AbstractManagedExecutor.java:47)
	at java.base/java.util.concurrent.ThreadPoolExecutor.runWorker(ThreadPoolExecutor.java:1144)
	at java.base/java.util.concurrent.ThreadPoolExecutor$Worker.run(ThreadPoolExecutor.java:642)
	at java.base/java.lang.Thread.run(Thread.java:1583)
Caused by: java.lang.AssertionError: java.lang.Exception: Could not close incremental caches in /app/applet/app/build/kotlin/compileDebugKotlin/cacheable/caches-jvm/jvm/kotlin: class-fq-name-to-source.tab
	at org.jetbrains.kotlin.com.google.common.io.Closer.close(Closer.java:218)
	at org.jetbrains.kotlin.incremental.IncrementalCachesManager.close(IncrementalCachesManager.kt:55)
	at kotlin.io.CloseableKt.closeFinally(Closeable.kt:46)
	at org.jetbrains.kotlin.incremental.IncrementalCompilerRunner.compileNonIncrementally(IncrementalCompilerRunner.kt:298)
	at org.jetbrains.kotlin.incremental.IncrementalCompilerRunner.compile(IncrementalCompilerRunner.kt:133)
	at org.jetbrains.kotlin.daemon.CompileServiceImplBase.execIncrementalCompiler(CompileServiceImpl.kt:679)
	at org.jetbrains.kotlin.daemon.CompileServiceImplBase.access$execIncrementalCompiler(CompileServiceImpl.kt:93)
	at org.jetbrains.kotlin.daemon.CompileServiceImpl.compile(CompileServiceImpl.kt:1806)
	at java.base/jdk.internal.reflect.DirectMethodHandleAccessor.invoke(DirectMethodHandleAccessor.java:103)
	at java.base/java.lang.reflect.Method.invoke(Method.java:580)
	at java.rmi/sun.rmi.server.UnicastServerRef.dispatch(UnicastServerRef.java:360)
	at java.rmi/sun.rmi.transport.Transport$1.run(Transport.java:200)
	at java.rmi/sun.rmi.transport.Transport$1.run(Transport.java:197)
	at java.base/java.security.AccessController.doPrivileged(AccessController.java:714)
	at java.rmi/sun.rmi.transport.Transport.serviceCall(Transport.java:196)
	at java.rmi/sun.rmi.transport.tcp.TCPTransport.handleMessages(TCPTransport.java:598)
	at java.rmi/sun.rmi.transport.tcp.TCPTransport$ConnectionHandler.run0(TCPTransport.java:844)
	at java.rmi/sun.rmi.transport.tcp.TCPTransport$ConnectionHandler.lambda$run$0(TCPTransport.java:721)
	at java.base/java.security.AccessController.doPrivileged(AccessController.java:400)
	at java.rmi/sun.rmi.transport.tcp.TCPTransport$ConnectionHandler.run(TCPTransport.java:720)
	... 3 more
Caused by: java.lang.Exception: Could not close incremental caches in /app/applet/app/build/kotlin/compileDebugKotlin/cacheable/caches-jvm/jvm/kotlin: class-fq-name-to-source.tab
	at org.jetbrains.kotlin.incremental.storage.BasicMapsOwner.forEachMapSafe(BasicMapsOwner.kt:95)
	at org.jetbrains.kotlin.incremental.storage.BasicMapsOwner.close(BasicMapsOwner.kt:53)
	at org.jetbrains.kotlin.com.google.common.io.Closer.close(Closer.java:205)
	... 22 more
	Suppressed: java.lang.IllegalStateException: Storage for [/app/applet/app/build/kotlin/compileDebugKotlin/cacheable/caches-jvm/jvm/kotlin/class-fq-name-to-source.tab] is already registered
		at org.jetbrains.kotlin.com.intellij.util.io.FilePageCache.registerPagedFileStorage(FilePageCache.java:410)
		at org.jetbrains.kotlin.com.intellij.util.io.PagedFileStorage.<init>(PagedFileStorage.java:72)
		at org.jetbrains.kotlin.com.intellij.util.io.ResizeableMappedFile.<init>(ResizeableMappedFile.java:68)
		at org.jetbrains.kotlin.com.intellij.util.io.PersistentBTreeEnumerator.<init>(PersistentBTreeEnumerator.java:128)
		at org.jetbrains.kotlin.com.intellij.util.io.PersistentEnumerator.createDefaultEnumerator(PersistentEnumerator.java:52)
		at org.jetbrains.kotlin.com.intellij.util.io.PersistentMapImpl.<init>(PersistentMapImpl.java:165)
		at org.jetbrains.kotlin.com.intellij.util.io.PersistentMapImpl.<init>(PersistentMapImpl.java:140)
		at org.jetbrains.kotlin.com.intellij.util.io.PersistentMapBuilder.buildImplementation(PersistentMapBuilder.java:88)
		at org.jetbrains.kotlin.com.intellij.util.io.PersistentMapBuilder.build(PersistentMapBuilder.java:71)
		at org.jetbrains.kotlin.com.intellij.util.io.PersistentHashMap.<init>(PersistentHashMap.java:46)
		at org.jetbrains.kotlin.com.intellij.util.io.PersistentHashMap.<init>(PersistentHashMap.java:72)
		at org.jetbrains.kotlin.incremental.storage.LazyStorage.createMap(LazyStorage.kt:62)
		at org.jetbrains.kotlin.incremental.storage.LazyStorage.getStorageOrCreateNew(LazyStorage.kt:59)
		at org.jetbrains.kotlin.incremental.storage.LazyStorage.set(LazyStorage.kt:80)
		at org.jetbrains.kotlin.incremental.storage.InMemoryStorage.applyChanges(InMemoryStorage.kt:108)
		at org.jetbrains.kotlin.incremental.storage.InMemoryStorage.close(InMemoryStorage.kt:136)
		at org.jetbrains.kotlin.incremental.storage.PersistentStorageWrapper.close(PersistentStorage.kt:124)
		at org.jetbrains.kotlin.incremental.storage.BasicMapsOwner$close$1.invoke(BasicMapsOwner.kt:53)
		at org.jetbrains.kotlin.incremental.storage.BasicMapsOwner$close$1.invoke(BasicMapsOwner.kt:53)
		at org.jetbrains.kotlin.incremental.storage.BasicMapsOwner.forEachMapSafe(BasicMapsOwner.kt:87)
		... 24 more
		Suppressed: java.lang.Exception: Storage[/app/applet/app/build/kotlin/compileDebugKotlin/cacheable/caches-jvm/jvm/kotlin/class-fq-name-to-source.tab] registration stack trace
			at org.jetbrains.kotlin.com.intellij.util.io.FilePageCache.registerPagedFileStorage(FilePageCache.java:437)
			... 43 more
	Suppressed: java.lang.Exception: Could not close incremental caches in /app/applet/app/build/kotlin/compileDebugKotlin/cacheable/caches-jvm/lookups: lookups.tab
		at org.jetbrains.kotlin.incremental.storage.BasicMapsOwner.forEachMapSafe(BasicMapsOwner.kt:95)
		at org.jetbrains.kotlin.incremental.storage.BasicMapsOwner.close(BasicMapsOwner.kt:53)
		at org.jetbrains.kotlin.incremental.LookupStorage.close(LookupStorage.kt:155)
		... 23 more
		Suppressed: java.lang.IllegalStateException: Storage for [/app/applet/app/build/kotlin/compileDebugKotlin/cacheable/caches-jvm/lookups/lookups.tab] is already registered
			at org.jetbrains.kotlin.com.intellij.util.io.FilePageCache.registerPagedFileStorage(FilePageCache.java:410)
			at org.jetbrains.kotlin.com.intellij.util.io.PagedFileStorage.<init>(PagedFileStorage.java:72)
			at org.jetbrains.kotlin.com.intellij.util.io.ResizeableMappedFile.<init>(ResizeableMappedFile.java:68)
			at org.jetbrains.kotlin.com.intellij.util.io.PersistentBTreeEnumerator.<init>(PersistentBTreeEnumerator.java:128)
			at org.jetbrains.kotlin.com.intellij.util.io.PersistentEnumerator.createDefaultEnumerator(PersistentEnumerator.java:52)
			at org.jetbrains.kotlin.com.intellij.util.io.PersistentMapImpl.<init>(PersistentMapImpl.java:165)
			at org.jetbrains.kotlin.com.intellij.util.io.PersistentMapImpl.<init>(PersistentMapImpl.java:140)
			at org.jetbrains.kotlin.com.intellij.util.io.PersistentMapBuilder.buildImplementation(PersistentMapBuilder.java:88)
			at org.jetbrains.kotlin.com.intellij.util.io.PersistentMapBuilder.build(PersistentMapBuilder.java:71)
			at org.jetbrains.kotlin.com.intellij.util.io.PersistentHashMap.<init>(PersistentHashMap.java:46)
			at org.jetbrains.kotlin.com.intellij.util.io.PersistentHashMap.<init>(PersistentHashMap.java:72)
			at org.jetbrains.kotlin.incremental.storage.LazyStorage.createMap(LazyStorage.kt:62)
			at org.jetbrains.kotlin.incremental.storage.LazyStorage.getStorageOrCreateNew(LazyStorage.kt:59)
			at org.jetbrains.kotlin.incremental.storage.LazyStorage.set(LazyStorage.kt:80)
			at org.jetbrains.kotlin.incremental.storage.InMemoryStorage.applyChanges(InMemoryStorage.kt:108)
			at org.jetbrains.kotlin.incremental.storage.AppendableInMemoryStorage.applyChanges(InMemoryStorage.kt:179)
			at org.jetbrains.kotlin.incremental.storage.InMemoryStorage.close(InMemoryStorage.kt:136)
			at org.jetbrains.kotlin.incremental.storage.AppendableSetBasicMap.close(BasicMap.kt:157)
			at org.jetbrains.kotlin.incremental.storage.BasicMapsOwner$close$1.invoke(BasicMapsOwner.kt:53)
			at org.jetbrains.kotlin.incremental.storage.BasicMapsOwner$close$1.invoke(BasicMapsOwner.kt:53)
			at org.jetbrains.kotlin.incremental.storage.BasicMapsOwner.forEachMapSafe(BasicMapsOwner.kt:87)
			... 25 more
			Suppressed: java.lang.Exception: Storage[/app/applet/app/build/kotlin/compileDebugKotlin/cacheable/caches-jvm/lookups/lookups.tab] registration stack trace
				at org.jetbrains.kotlin.com.intellij.util.io.FilePageCache.registerPagedFileStorage(FilePageCache.java:437)
				... 45 more

Failed to compile with Kotlin daemon: java.lang.Exception
	at org.jetbrains.kotlin.daemon.common.CompileService$CallResult$Error.get(CompileService.kt:69)
	at org.jetbrains.kotlin.daemon.common.CompileService$CallResult$Error.get(CompileService.kt:65)
	at org.jetbrains.kotlin.compilerRunner.GradleKotlinCompilerWork.compileWithDaemon(GradleKotlinCompilerWork.kt:240)
	at org.jetbrains.kotlin.compilerRunner.GradleKotlinCompilerWork.compileWithDaemonOrFallbackImpl(GradleKotlinCompilerWork.kt:159)
	at org.jetbrains.kotlin.compilerRunner.GradleKotlinCompilerWork.run(GradleKotlinCompilerWork.kt:111)
	at org.jetbrains.kotlin.compilerRunner.GradleCompilerRunnerWithWorkers$GradleKotlinCompilerWorkAction.execute(GradleCompilerRunnerWithWorkers.kt:74)
	at org.gradle.workers.internal.DefaultWorkerServer.execute(DefaultWorkerServer.java:68)
	at org.gradle.workers.internal.NoIsolationWorkerFactory$1$1.create(NoIsolationWorkerFactory.java:64)
	at org.gradle.workers.internal.NoIsolationWorkerFactory$1$1.create(NoIsolationWorkerFactory.java:61)
	at org.gradle.internal.classloader.ClassLoaderUtils.executeInClassloader(ClassLoaderUtils.java:102)
	at org.gradle.workers.internal.NoIsolationWorkerFactory$1.lambda$execute$0(NoIsolationWorkerFactory.java:61)
	at org.gradle.workers.internal.AbstractWorker$1.call(AbstractWorker.java:44)
	at org.gradle.workers.internal.AbstractWorker$1.call(AbstractWorker.java:41)
	at org.gradle.internal.operations.DefaultBuildOperationRunner$CallableBuildOperationWorker.execute(DefaultBuildOperationRunner.java:209)
	at org.gradle.internal.operations.DefaultBuildOperationRunner$CallableBuildOperationWorker.execute(DefaultBuildOperationRunner.java:204)
	at org.gradle.internal.operations.DefaultBuildOperationRunner$2.execute(DefaultBuildOperationRunner.java:66)
	at org.gradle.internal.operations.DefaultBuildOperationRunner$2.execute(DefaultBuildOperationRunner.java:59)
	at org.gradle.internal.operations.DefaultBuildOperationRunner.execute(DefaultBuildOperationRunner.java:166)
	at org.gradle.internal.operations.DefaultBuildOperationRunner.execute(DefaultBuildOperationRunner.java:59)
	at org.gradle.internal.operations.DefaultBuildOperationRunner.call(DefaultBuildOperationRunner.java:53)
	at org.gradle.workers.internal.AbstractWorker.executeWrappedInBuildOperation(AbstractWorker.java:41)
	at org.gradle.workers.internal.NoIsolationWorkerFactory$1.execute(NoIsolationWorkerFactory.java:58)
	at org.gradle.workers.internal.DefaultWorkerExecutor.lambda$submitWork$0(DefaultWorkerExecutor.java:176)
	at java.base/java.util.concurrent.FutureTask.run(FutureTask.java:317)
	at org.gradle.internal.work.DefaultConditionalExecutionQueue$ExecutionRunner.runExecution(DefaultConditionalExecutionQueue.java:194)
	at org.gradle.internal.work.DefaultConditionalExecutionQueue$ExecutionRunner.access$700(DefaultConditionalExecutionQueue.java:127)
	at org.gradle.internal.work.DefaultConditionalExecutionQueue$ExecutionRunner$1.run(DefaultConditionalExecutionQueue.java:169)
	at org.gradle.internal.Factories$1.create(Factories.java:30)
	at org.gradle.internal.work.DefaultWorkerLeaseService.lambda$withLocksAcquired$0(DefaultWorkerLeaseService.java:269)
	at org.gradle.internal.work.ResourceLockStatistics$1.measure(ResourceLockStatistics.java:42)
	at org.gradle.internal.work.DefaultWorkerLeaseService.withLocksAcquired(DefaultWorkerLeaseService.java:267)
	at org.gradle.internal.work.DefaultWorkerLeaseService.withLocks(DefaultWorkerLeaseService.java:259)
	at org.gradle.internal.work.DefaultWorkerLeaseService.runAsWorkerThread(DefaultWorkerLeaseService.java:127)
	at org.gradle.internal.work.DefaultWorkerLeaseService.runAsWorkerThread(DefaultWorkerLeaseService.java:132)
	at org.gradle.internal.work.DefaultConditionalExecutionQueue$ExecutionRunner.runBatch(DefaultConditionalExecutionQueue.java:164)
	at org.gradle.internal.work.DefaultConditionalExecutionQueue$ExecutionRunner.run(DefaultConditionalExecutionQueue.java:133)
	at java.base/java.util.concurrent.Executors$RunnableAdapter.call(Executors.java:572)
	at java.base/java.util.concurrent.FutureTask.run(FutureTask.java:317)
	at org.gradle.internal.concurrent.ExecutorPolicy$CatchAndRecordFailures.onExecute(ExecutorPolicy.java:64)
	at org.gradle.internal.concurrent.AbstractManagedExecutor$1.run(AbstractManagedExecutor.java:47)
	at java.base/java.util.concurrent.ThreadPoolExecutor.runWorker(ThreadPoolExecutor.java:1144)
	at java.base/java.util.concurrent.ThreadPoolExecutor$Worker.run(ThreadPoolExecutor.java:642)
	at java.base/java.lang.Thread.run(Thread.java:1583)
Caused by: java.lang.AssertionError: java.lang.Exception: Could not close incremental caches in /app/applet/app/build/kotlin/compileDebugKotlin/cacheable/caches-jvm/jvm/kotlin: class-fq-name-to-source.tab
	at org.jetbrains.kotlin.com.google.common.io.Closer.close(Closer.java:218)
	at org.jetbrains.kotlin.incremental.IncrementalCachesManager.close(IncrementalCachesManager.kt:55)
	at kotlin.io.CloseableKt.closeFinally(Closeable.kt:46)
	at org.jetbrains.kotlin.incremental.IncrementalCompilerRunner.compileNonIncrementally(IncrementalCompilerRunner.kt:298)
	at org.jetbrains.kotlin.incremental.IncrementalCompilerRunner.compile(IncrementalCompilerRunner.kt:133)
	at org.jetbrains.kotlin.daemon.CompileServiceImplBase.execIncrementalCompiler(CompileServiceImpl.kt:679)
	at org.jetbrains.kotlin.daemon.CompileServiceImplBase.access$execIncrementalCompiler(CompileServiceImpl.kt:93)
	at org.jetbrains.kotlin.daemon.CompileServiceImpl.compile(CompileServiceImpl.kt:1806)
	at java.base/jdk.internal.reflect.DirectMethodHandleAccessor.invoke(DirectMethodHandleAccessor.java:103)
	at java.base/java.lang.reflect.Method.invoke(Method.java:580)
	at java.rmi/sun.rmi.server.UnicastServerRef.dispatch(UnicastServerRef.java:360)
	at java.rmi/sun.rmi.transport.Transport$1.run(Transport.java:200)
	at java.rmi/sun.rmi.transport.Transport$1.run(Transport.java:197)
	at java.base/java.security.AccessController.doPrivileged(AccessController.java:714)
	at java.rmi/sun.rmi.transport.Transport.serviceCall(Transport.java:196)
	at java.rmi/sun.rmi.transport.tcp.TCPTransport.handleMessages(TCPTransport.java:598)
	at java.rmi/sun.rmi.transport.tcp.TCPTransport$ConnectionHandler.run0(TCPTransport.java:844)
	at java.rmi/sun.rmi.transport.tcp.TCPTransport$ConnectionHandler.lambda$run$0(TCPTransport.java:721)
	at java.base/java.security.AccessController.doPrivileged(AccessController.java:400)
	at java.rmi/sun.rmi.transport.tcp.TCPTransport$ConnectionHandler.run(TCPTransport.java:720)
	... 3 more
Caused by: java.lang.Exception: Could not close incremental caches in /app/applet/app/build/kotlin/compileDebugKotlin/cacheable/caches-jvm/jvm/kotlin: class-fq-name-to-source.tab
	at org.jetbrains.kotlin.incremental.storage.BasicMapsOwner.forEachMapSafe(BasicMapsOwner.kt:95)
	at org.jetbrains.kotlin.incremental.storage.BasicMapsOwner.close(BasicMapsOwner.kt:53)
	at org.jetbrains.kotlin.com.google.common.io.Closer.close(Closer.java:205)
	... 22 more
	Suppressed: java.lang.IllegalStateException: Storage for [/app/applet/app/build/kotlin/compileDebugKotlin/cacheable/caches-jvm/jvm/kotlin/class-fq-name-to-source.tab] is already registered
		at org.jetbrains.kotlin.com.intellij.util.io.FilePageCache.registerPagedFileStorage(FilePageCache.java:410)
		at org.jetbrains.kotlin.com.intellij.util.io.PagedFileStorage.<init>(PagedFileStorage.java:72)
		at org.jetbrains.kotlin.com.intellij.util.io.ResizeableMappedFile.<init>(ResizeableMappedFile.java:68)
		at org.jetbrains.kotlin.com.intellij.util.io.PersistentBTreeEnumerator.<init>(PersistentBTreeEnumerator.java:128)
		at org.jetbrains.kotlin.com.intellij.util.io.PersistentEnumerator.createDefaultEnumerator(PersistentEnumerator.java:52)
		at org.jetbrains.kotlin.com.intellij.util.io.PersistentMapImpl.<init>(PersistentMapImpl.java:165)
		at org.jetbrains.kotlin.com.intellij.util.io.PersistentMapImpl.<init>(PersistentMapImpl.java:140)
		at org.jetbrains.kotlin.com.intellij.util.io.PersistentMapBuilder.buildImplementation(PersistentMapBuilder.java:88)
		at org.jetbrains.kotlin.com.intellij.util.io.PersistentMapBuilder.build(PersistentMapBuilder.java:71)
		at org.jetbrains.kotlin.com.intellij.util.io.PersistentHashMap.<init>(PersistentHashMap.java:46)
		at org.jetbrains.kotlin.com.intellij.util.io.PersistentHashMap.<init>(PersistentHashMap.java:72)
		at org.jetbrains.kotlin.incremental.storage.LazyStorage.createMap(LazyStorage.kt:62)
		at org.jetbrains.kotlin.incremental.storage.LazyStorage.getStorageOrCreateNew(LazyStorage.kt:59)
		at org.jetbrains.kotlin.incremental.storage.LazyStorage.set(LazyStorage.kt:80)
		at org.jetbrains.kotlin.incremental.storage.InMemoryStorage.applyChanges(InMemoryStorage.kt:108)
		at org.jetbrains.kotlin.incremental.storage.InMemoryStorage.close(InMemoryStorage.kt:136)
		at org.jetbrains.kotlin.incremental.storage.PersistentStorageWrapper.close(PersistentStorage.kt:124)
		at org.jetbrains.kotlin.incremental.storage.BasicMapsOwner$close$1.invoke(BasicMapsOwner.kt:53)
		at org.jetbrains.kotlin.incremental.storage.BasicMapsOwner$close$1.invoke(BasicMapsOwner.kt:53)
		at org.jetbrains.kotlin.incremental.storage.BasicMapsOwner.forEachMapSafe(BasicMapsOwner.kt:87)
		... 24 more
		Suppressed: java.lang.Exception: Storage[/app/applet/app/build/kotlin/compileDebugKotlin/cacheable/caches-jvm/jvm/kotlin/class-fq-name-to-source.tab] registration stack trace
			at org.jetbrains.kotlin.com.intellij.util.io.FilePageCache.registerPagedFileStorage(FilePageCache.java:437)
			... 43 more
	Suppressed: java.lang.Exception: Could not close incremental caches in /app/applet/app/build/kotlin/compileDebugKotlin/cacheable/caches-jvm/lookups: lookups.tab
		at org.jetbrains.kotlin.incremental.storage.BasicMapsOwner.forEachMapSafe(BasicMapsOwner.kt:95)
		at org.jetbrains.kotlin.incremental.storage.BasicMapsOwner.close(BasicMapsOwner.kt:53)
		at org.jetbrains.kotlin.incremental.LookupStorage.close(LookupStorage.kt:155)
		... 23 more
		Suppressed: java.lang.IllegalStateException: Storage for [/app/applet/app/build/kotlin/compileDebugKotlin/cacheable/caches-jvm/lookups/lookups.tab] is already registered
			at org.jetbrains.kotlin.com.intellij.util.io.FilePageCache.registerPagedFileStorage(FilePageCache.java:410)
			at org.jetbrains.kotlin.com.intellij.util.io.PagedFileStorage.<init>(PagedFileStorage.java:72)
			at org.jetbrains.kotlin.com.intellij.util.io.ResizeableMappedFile.<init>(ResizeableMappedFile.java:68)
			at org.jetbrains.kotlin.com.intellij.util.io.PersistentBTreeEnumerator.<init>(PersistentBTreeEnumerator.java:128)
			at org.jetbrains.kotlin.com.intellij.util.io.PersistentEnumerator.createDefaultEnumerator(PersistentEnumerator.java:52)
			at org.jetbrains.kotlin.com.intellij.util.io.PersistentMapImpl.<init>(PersistentMapImpl.java:165)
			at org.jetbrains.kotlin.com.intellij.util.io.PersistentMapImpl.<init>(PersistentMapImpl.java:140)
			at org.jetbrains.kotlin.com.intellij.util.io.PersistentMapBuilder.buildImplementation(PersistentMapBuilder.java:88)
			at org.jetbrains.kotlin.com.intellij.util.io.PersistentMapBuilder.build(PersistentMapBuilder.java:71)
			at org.jetbrains.kotlin.com.intellij.util.io.PersistentHashMap.<init>(PersistentHashMap.java:46)
			at org.jetbrains.kotlin.com.intellij.util.io.PersistentHashMap.<init>(PersistentHashMap.java:72)
			at org.jetbrains.kotlin.incremental.storage.LazyStorage.createMap(LazyStorage.kt:62)
			at org.jetbrains.kotlin.incremental.storage.LazyStorage.getStorageOrCreateNew(LazyStorage.kt:59)
			at org.jetbrains.kotlin.incremental.storage.LazyStorage.set(LazyStorage.kt:80)
			at org.jetbrains.kotlin.incremental.storage.InMemoryStorage.applyChanges(InMemoryStorage.kt:108)
			at org.jetbrains.kotlin.incremental.storage.AppendableInMemoryStorage.applyChanges(InMemoryStorage.kt:179)
			at org.jetbrains.kotlin.incremental.storage.InMemoryStorage.close(InMemoryStorage.kt:136)
			at org.jetbrains.kotlin.incremental.storage.AppendableSetBasicMap.close(BasicMap.kt:157)
			at org.jetbrains.kotlin.incremental.storage.BasicMapsOwner$close$1.invoke(BasicMapsOwner.kt:53)
			at org.jetbrains.kotlin.incremental.storage.BasicMapsOwner$close$1.invoke(BasicMapsOwner.kt:53)
			at org.jetbrains.kotlin.incremental.storage.BasicMapsOwner.forEachMapSafe(BasicMapsOwner.kt:87)
			... 25 more
			Suppressed: java.lang.Exception: Storage[/app/applet/app/build/kotlin/compileDebugKotlin/cacheable/caches-jvm/lookups/lookups.tab] registration stack trace
				at org.jetbrains.kotlin.com.intellij.util.io.FilePageCache.registerPagedFileStorage(FilePageCache.java:437)
				... 45 more
Using fallback strategy: Compile without Kotlin daemon
Try ./gradlew --stop if this issue persists
If it does not look related to your configuration, please file an issue with logs to https://kotl.in/issue
exception: app/src/main/java/com/example/data/db/NetraDatabase.kt:62:19: warning: 'fun fallbackToDestructiveMigration(): RoomDatabase.Builder<NetraDatabase>' is deprecated. Replace by overloaded version with parameter to indicate if all tables should be dropped or not.
exception:                 ).fallbackToDestructiveMigration().build()
exception:                   ^^^^^^^^^^^^^^^^^^^^^^^^^^^^^^
exception: app/src/main/java/com/example/data/engine/ActivityTargetEngine.kt:74:70: warning: condition is always 'true'.
exception:         val stepProgress = if (isConfigured && todaySteps != null && target.stepTarget != null && target.stepTarget > 0) {
exception:                                                                      ^^^^^^^^^^^^^^^^^^^^^^^^^
exception: app/src/main/java/com/example/data/engine/ActivityTargetEngine.kt:78:52: warning: condition is always 'true'.
exception:         val standingProgress = if (isConfigured && target.standingTargetSec != null && target.standingTargetSec > 0) {
exception:                                                    ^^^^^^^^^^^^^^^^^^^^^^^^^^^^^^^^
exception: app/src/main/java/com/example/data/engine/EventDrivenRuntimeEngine.kt:152:13: warning: 'when' is exhaustive so 'else' is redundant here.
exception:             else -> EventPriority.NORMAL
exception:             ^^^^
exception: app/src/main/java/com/example/data/engine/SecurityEngine.kt:211:42: warning: 'fun canAuthenticate(): Int' is deprecated. Deprecated in Java.
exception:                         val canAuth = bm.canAuthenticate()
exception:                                          ^^^^^^^^^^^^^^^
exception: app/src/main/java/com/example/data/engine/SecurityEngine.kt:223:133: warning: 'class FingerprintManager : Any' is deprecated. Deprecated in Java.
exception:                     val fingerprintManager = context.getSystemService(Context.FINGERPRINT_SERVICE) as? android.hardware.fingerprint.FingerprintManager
exception:                                                                                                                                     ^^^^^^^^^^^^^^^^^^
exception: app/src/main/java/com/example/data/engine/SecurityEngine.kt:225:66: warning: 'val isHardwareDetected: Boolean' is deprecated. Deprecated in Java.
exception:                         biometricStatus = if (fingerprintManager.isHardwareDetected) {
exception:                                                                  ^^^^^^^^^^^^^^^^^^
exception: app/src/main/java/com/example/data/engine/SecurityEngine.kt:226:52: warning: 'fun hasEnrolledFingerprints(): Boolean' is deprecated. Deprecated in Java.
exception:                             if (fingerprintManager.hasEnrolledFingerprints()) {
exception:                                                    ^^^^^^^^^^^^^^^^^^^^^^^
exception: app/src/main/java/com/example/data/engine/SecurityEngine.kt:292:34: warning: 'static fun getDefaultAdapter(): BluetoothAdapter!' is deprecated. Deprecated in Java.
exception:                 BluetoothAdapter.getDefaultAdapter()?.isEnabled == true
exception:                                  ^^^^^^^^^^^^^^^^^
exception: app/src/main/java/com/example/data/engine/WatchdogEngine.kt:381:66: warning: 'val activeNetworkInfo: NetworkInfo?' is deprecated. Deprecated in Java.
exception:                         val activeNetwork = connectivityManager?.activeNetworkInfo
exception:                                                                  ^^^^^^^^^^^^^^^^^
exception: app/src/main/java/com/example/data/engine/WatchdogEngine.kt:382:82: warning: 'val isConnected: Boolean' is deprecated. Deprecated in Java.
exception:                         val isConnected = activeNetwork != null && activeNetwork.isConnected
exception:                                                                                  ^^^^^^^^^^^
exception: app/src/main/java/com/example/data/engine/WatchdogEngine.kt:386:74: warning: 'static fun getDefaultAdapter(): BluetoothAdapter!' is deprecated. Deprecated in Java.
exception:                         val adapter = android.bluetooth.BluetoothAdapter.getDefaultAdapter()
exception:                                                                          ^^^^^^^^^^^^^^^^^
exception: app/src/main/java/com/example/data/sensor/SensorDiagnosticsEngine.kt:49:99: warning: 'static field TYPE_TEMPERATURE: Int' is deprecated. Deprecated in Java.
exception:                         android.hardware.Sensor.TYPE_AMBIENT_TEMPERATURE, android.hardware.Sensor.TYPE_TEMPERATURE -> {
exception:                                                                                                   ^^^^^^^^^^^^^^^^
exception: app/src/main/java/com/example/ui/MainViewModel.kt:729:33: warning: this declaration is in a preview state and can be changed in a backwards-incompatible manner with a best-effort migration. Its usage should be marked with '@kotlinx.coroutines.FlowPreview' or '@OptIn(kotlinx.coroutines.FlowPreview::class)' if you accept the drawback of relying on preview API
exception:             combine(fusionState.sample(1000L), thermalThresholdC) { state, threshold ->
exception:                                 ^^^^^^
exception: app/src/main/java/com/example/ui/MainViewModel.kt:923:33: warning: this declaration is in a preview state and can be changed in a backwards-incompatible manner with a best-effort migration. Its usage should be marked with '@kotlinx.coroutines.FlowPreview' or '@OptIn(kotlinx.coroutines.FlowPreview::class)' if you accept the drawback of relying on preview API
exception:             combine(fusionState.sample(1000L), monitorMagnetic) { state, isEnabled ->
exception:                                 ^^^^^^
exception: app/src/main/java/com/example/ui/MainViewModel.kt:1304:25: warning: this declaration is in a preview state and can be changed in a backwards-incompatible manner with a best-effort migration. Its usage should be marked with '@kotlinx.coroutines.FlowPreview' or '@OptIn(kotlinx.coroutines.FlowPreview::class)' if you accept the drawback of relying on preview API
exception:             fusionState.sample(1000L).collect { state ->
exception:                         ^^^^^^
exception: app/src/main/java/com/example/ui/components/PermissionHandler.kt:187:53: warning: 'val outlinedButtonBorder: BorderStroke' is deprecated. Please use the version that takes an `enabled` param to get the `BorderStroke` with the correct opacity.
exception:                             border = ButtonDefaults.outlinedButtonBorder.copy(width = 1.dp),
exception:                                                     ^^^^^^^^^^^^^^^^^^^^
exception: app/src/main/java/com/example/ui/screens/AiFusionHealthCenterScreen.kt:36:52: warning: 'val Icons.Filled.DirectionsWalk: ImageVector' is deprecated. Use the AutoMirrored version at Icons.AutoMirrored.Filled.DirectionsWalk.
exception:     DAILY_ACTIVITY("Daily Activity", Icons.Default.DirectionsWalk),
exception:                                                    ^^^^^^^^^^^^^^
exception: app/src/main/java/com/example/ui/screens/AiFusionHealthCenterScreen.kt:451:17: warning: 'fun Divider(modifier: Modifier = ..., thickness: Dp = ..., color: Color = ...): Unit' is deprecated. Renamed to HorizontalDivider.
exception:                 Divider(color = BentoBorder.copy(alpha = 0.4f), modifier = Modifier.padding(vertical = 2.dp))
exception:                 ^^^^^^^
exception: app/src/main/java/com/example/ui/screens/AiFusionHealthCenterScreen.kt:535:36: warning: 'val Icons.Filled.DirectionsWalk: ImageVector' is deprecated. Use the AutoMirrored version at Icons.AutoMirrored.Filled.DirectionsWalk.
exception:                 Icon(Icons.Default.DirectionsWalk, contentDescription = null, tint = BentoGreenPrimary, modifier = Modifier.size(20.dp))
exception:                                    ^^^^^^^^^^^^^^
exception: app/src/main/java/com/example/ui/screens/AiFusionHealthCenterScreen.kt:628:52: warning: 'val Icons.Filled.DirectionsWalk: ImageVector' is deprecated. Use the AutoMirrored version at Icons.AutoMirrored.Filled.DirectionsWalk.
exception:                         "WALKING" -> Icons.Default.DirectionsWalk
exception:                                                    ^^^^^^^^^^^^^^
exception: app/src/main/java/com/example/ui/screens/AiFusionHealthCenterScreen.kt:754:17: warning: 'fun Divider(modifier: Modifier = ..., thickness: Dp = ..., color: Color = ...): Unit' is deprecated. Renamed to HorizontalDivider.
exception:                 Divider(color = BentoBorder.copy(alpha = 0.4f))
exception:                 ^^^^^^^
exception: app/src/main/java/com/example/ui/screens/DigitalWellnessSection.kt:456:38: warning: 'val Icons.Filled.Chat: ImageVector' is deprecated. Use the AutoMirrored version at Icons.AutoMirrored.Filled.Chat.
exception:                 icon = Icons.Default.Chat
exception:                                      ^^^^
exception: app/src/main/java/com/example/ui/screens/DigitalWellnessSection.kt:860:68: warning: 'val Icons.Filled.DirectionsWalk: ImageVector' is deprecated. Use the AutoMirrored version at Icons.AutoMirrored.Filled.DirectionsWalk.
exception:                                         "WALKING" -> Icons.Default.DirectionsWalk
exception:                                                                    ^^^^^^^^^^^^^^
exception: app/src/main/java/com/example/ui/screens/DigitalWellnessSection.kt:1342:53: warning: 'val Icons.Filled.ListAlt: ImageVector' is deprecated. Use the AutoMirrored version at Icons.AutoMirrored.Filled.ListAlt.
exception:                         imageVector = Icons.Default.ListAlt,
exception:                                                     ^^^^^^^
exception: app/src/main/java/com/example/ui/screens/HistoryLogsContainerScreen.kt:26:46: warning: 'val Icons.Filled.ListAlt: ImageVector' is deprecated. Use the AutoMirrored version at Icons.AutoMirrored.Filled.ListAlt.
exception:     UNIFIED_LOG("Unified Log", Icons.Default.ListAlt)
exception:                                              ^^^^^^^
exception: app/src/main/java/com/example/ui/screens/HistoryLogsContainerScreen.kt:79:9: warning: 'fun Divider(modifier: Modifier = ..., thickness: Dp = ..., color: Color = ...): Unit' is deprecated. Renamed to HorizontalDivider.
exception:         Divider(color = BentoBorder)
exception:         ^^^^^^^
exception: app/src/main/java/com/example/ui/screens/MotionIntelligenceScreen.kt:582:30: warning: 'val Icons.Filled.DirectionsWalk: ImageVector' is deprecated. Use the AutoMirrored version at Icons.AutoMirrored.Filled.DirectionsWalk.
exception:         icon = Icons.Default.DirectionsWalk,
exception:                              ^^^^^^^^^^^^^^
exception: app/src/main/java/com/example/ui/screens/MotionIntelligenceScreen.kt:680:30: warning: 'val Icons.Filled.DirectionsRun: ImageVector' is deprecated. Use the AutoMirrored version at Icons.AutoMirrored.Filled.DirectionsRun.
exception:         icon = Icons.Default.DirectionsRun,
exception:                              ^^^^^^^^^^^^^
exception: app/src/main/java/com/example/ui/screens/ReportsScreen.kt:308:44: warning: 'val Icons.Filled.EventNote: ImageVector' is deprecated. Use the AutoMirrored version at Icons.AutoMirrored.Filled.EventNote.
exception:                         Icon(Icons.Default.EventNote, contentDescription = null, tint = BentoTextMuted, modifier = Modifier.height(48.dp))
exception:                                            ^^^^^^^^^
exception: app/src/main/java/com/example/ui/screens/SafetyCenterScreen.kt:430:13: warning: 'fun Divider(modifier: Modifier = ..., thickness: Dp = ..., color: Color = ...): Unit' is deprecated. Renamed to HorizontalDivider.
exception:             Divider(color = hazardColor.copy(alpha = 0.2f))
exception:             ^^^^^^^
exception: app/src/main/java/com/example/ui/screens/SecurityHubScreen.kt:294:53: warning: 'val Icons.Filled.Launch: ImageVector' is deprecated. Use the AutoMirrored version at Icons.AutoMirrored.Filled.Launch.
exception:                         imageVector = Icons.Default.Launch,
exception:                                                     ^^^^^^
exception: app/src/main/java/com/example/ui/screens/SecurityHubScreen.kt:553:29: warning: 'fun Divider(modifier: Modifier = ..., thickness: Dp = ..., color: Color = ...): Unit' is deprecated. Renamed to HorizontalDivider.
exception:                             Divider(modifier = Modifier.padding(top = 8.dp), color = BentoBorder)
exception:                             ^^^^^^^
exception: app/src/main/java/com/example/ui/screens/SecurityHubScreen.kt:674:21: warning: 'fun Divider(modifier: Modifier = ..., thickness: Dp = ..., color: Color = ...): Unit' is deprecated. Renamed to HorizontalDivider.
exception:                     Divider(color = BentoBorder)
exception:                     ^^^^^^^
exception: app/src/main/java/com/example/ui/screens/SecurityHubScreen.kt:1022:37: warning: 'fun Divider(modifier: Modifier = ..., thickness: Dp = ..., color: Color = ...): Unit' is deprecated. Renamed to HorizontalDivider.
exception:                                     Divider(modifier = Modifier.padding(top = 8.dp), color = BentoBorder)
exception:                                     ^^^^^^^
exception: app/src/main/java/com/example/ui/screens/SecurityHubScreen.kt:1062:39: warning: 'val Icons.Filled.HelpOutline: ImageVector' is deprecated. Use the AutoMirrored version at Icons.AutoMirrored.Filled.HelpOutline.
exception:                 else -> Icons.Default.HelpOutline
exception:                                       ^^^^^^^^^^^
exception: app/src/main/java/com/example/ui/screens/SecurityHubScreen.kt:1114:5: warning: 'fun Divider(modifier: Modifier = ..., thickness: Dp = ..., color: Color = ...): Unit' is deprecated. Renamed to HorizontalDivider.
exception:     Divider(color = BentoBorder.copy(alpha = 0.5f))
exception:     ^^^^^^^
exception: app/src/main/java/com/example/ui/screens/SensorCenterContainerScreen.kt:36:60: warning: 'val Icons.Filled.DirectionsWalk: ImageVector' is deprecated. Use the AutoMirrored version at Icons.AutoMirrored.Filled.DirectionsWalk.
exception:     MOTION_INTELLIGENCE("Motion & Activity", Icons.Default.DirectionsWalk),
exception:                                                            ^^^^^^^^^^^^^^
exception: app/src/main/java/com/example/ui/screens/SensorCenterContainerScreen.kt:97:9: warning: 'fun Divider(modifier: Modifier = ..., thickness: Dp = ..., color: Color = ...): Unit' is deprecated. Renamed to HorizontalDivider.
exception:         Divider(color = BentoBorder)
exception:         ^^^^^^^
exception: app/src/main/java/com/example/ui/screens/SensorDashboardScreen.kt:257:21: warning: 'fun Divider(modifier: Modifier = ..., thickness: Dp = ..., color: Color = ...): Unit' is deprecated. Renamed to HorizontalDivider.
exception:                     Divider(color = BentoBorder)
exception:                     ^^^^^^^
exception: app/src/main/java/com/example/ui/screens/ServiceManagerContainerScreen.kt:73:9: warning: 'fun Divider(modifier: Modifier = ..., thickness: Dp = ..., color: Color = ...): Unit' is deprecated. Renamed to HorizontalDivider.
exception:         Divider(color = BentoBorder)
exception:         ^^^^^^^
exception: app/src/main/java/com/example/ui/screens/SettingsScreen.kt:330:85: warning: 'val Icons.Filled.Backspace: ImageVector' is deprecated. Use the AutoMirrored version at Icons.AutoMirrored.Filled.Backspace.
exception:                                                         imageVector = Icons.Default.Backspace,
exception:                                                                                     ^^^^^^^^^
exception: app/src/main/java/com/example/ui/screens/SettingsScreen.kt:1281:48: warning: 'val Icons.Filled.FactCheck: ImageVector' is deprecated. Use the AutoMirrored version at Icons.AutoMirrored.Filled.FactCheck.
exception:                             Icon(Icons.Default.FactCheck, contentDescription = null, tint = BentoGreenPrimary)
exception:                                                ^^^^^^^^^
exception: app/src/main/java/com/example/ui/screens/SettingsScreen.kt:1697:54: warning: 'val Icons.Filled.VolumeUp: ImageVector' is deprecated. Use the AutoMirrored version at Icons.AutoMirrored.Filled.VolumeUp.
exception:                     Icon(if (announce) Icons.Default.VolumeUp else Icons.Default.VolumeOff, contentDescription = null, tint = BentoGreenPrimary, modifier = Modifier.size(16.dp))
exception:                                                      ^^^^^^^^
exception: app/src/main/java/com/example/ui/screens/SettingsScreen.kt:1697:82: warning: 'val Icons.Filled.VolumeOff: ImageVector' is deprecated. Use the AutoMirrored version at Icons.AutoMirrored.Filled.VolumeOff.
exception:                     Icon(if (announce) Icons.Default.VolumeUp else Icons.Default.VolumeOff, contentDescription = null, tint = BentoGreenPrimary, modifier = Modifier.size(16.dp))
exception:                                                                                  ^^^^^^^^^
exception: app/src/main/java/com/example/ui/screens/SystemAuditScreen.kt:96:57: warning: 'val Icons.Filled.ArrowBack: ImageVector' is deprecated. Use the AutoMirrored version at Icons.AutoMirrored.Filled.ArrowBack.
exception:                             imageVector = Icons.Default.ArrowBack,
exception:                                                         ^^^^^^^^^
exception: app/src/main/java/com/example/ui/screens/SystemAuditScreen.kt:496:65: warning: 'val Icons.Filled.FactCheck: ImageVector' is deprecated. Use the AutoMirrored version at Icons.AutoMirrored.Filled.FactCheck.
exception:                                     imageVector = Icons.Default.FactCheck,
exception:                                                                 ^^^^^^^^^

> Task :app:processDebugJavaRes
> Task :app:compileDebugJavaWithJavac
> Task :app:bundleDebugClassesToCompileJar
> Task :app:bundleDebugClassesToRuntimeJar
> Task :app:kspDebugUnitTestKotlin
> Task :app:compileDebugUnitTestKotlin
> Task :app:compileDebugUnitTestJavaWithJavac NO-SOURCE
> Task :app:processDebugUnitTestJavaRes
> Task :app:testDebugUnitTest

NetraMotionIntelligenceTest > testC_StepApiAvailable_IncrementsActualStepCount FAILED
    java.lang.AssertionError at NetraMotionIntelligenceTest.kt:58

48 tests completed, 1 failed

> Task :app:testDebugUnitTest FAILED
> Task :app:finalizeTestRoborazziDebug SKIPPED

FAILURE: Build failed with an exception.

* What went wrong:
Execution failed for task ':app:testDebugUnitTest'.
> There were failing tests. See the report at: file:///app/applet/app/build/reports/tests/testDebugUnitTest/index.html

* Try:
> Run with --scan to get full insights from a Build Scan (powered by Develocity).

BUILD FAILED in 5m 5s
33 actionable tasks: 13 executed, 20 up-to-date
Configuration cache entry reused.
